------------------------------------------------------------
TimeQuest Timing Analyzer Summary
------------------------------------------------------------

Type  : Slow 1100mV 85C Model Setup 'clk'
Slack : 0.208
TNS   : 0.000

Type  : Slow 1100mV 85C Model Hold 'clk'
Slack : 0.221
TNS   : 0.000

Type  : Slow 1100mV 85C Model Minimum Pulse Width 'clk'
Slack : -0.394
TNS   : -4.245

Type  : Slow 1100mV 0C Model Setup 'clk'
Slack : 0.217
TNS   : 0.000

Type  : Slow 1100mV 0C Model Hold 'clk'
Slack : 0.205
TNS   : 0.000

Type  : Slow 1100mV 0C Model Minimum Pulse Width 'clk'
Slack : -0.394
TNS   : -4.557

Type  : Fast 1100mV 85C Model Setup 'clk'
Slack : 0.489
TNS   : 0.000

Type  : Fast 1100mV 85C Model Hold 'clk'
Slack : 0.136
TNS   : 0.000

Type  : Fast 1100mV 85C Model Minimum Pulse Width 'clk'
Slack : -0.082
TNS   : -0.640

Type  : Fast 1100mV 0C Model Setup 'clk'
Slack : 0.514
TNS   : 0.000

Type  : Fast 1100mV 0C Model Hold 'clk'
Slack : 0.124
TNS   : 0.000

Type  : Fast 1100mV 0C Model Minimum Pulse Width 'clk'
Slack : -0.079
TNS   : -0.622

------------------------------------------------------------
