------------------------------------------------------------
TimeQuest Timing Analyzer Summary
------------------------------------------------------------

Type  : Slow 1100mV 85C Model Setup 'clk'
Slack : -0.134
TNS   : -0.505

Type  : Slow 1100mV 85C Model Hold 'clk'
Slack : 0.356
TNS   : 0.000

Type  : Slow 1100mV 85C Model Minimum Pulse Width 'clk'
Slack : -0.394
TNS   : -4.192

Type  : Slow 1100mV 0C Model Setup 'clk'
Slack : -0.159
TNS   : -0.473

Type  : Slow 1100mV 0C Model Hold 'clk'
Slack : 0.342
TNS   : 0.000

Type  : Slow 1100mV 0C Model Minimum Pulse Width 'clk'
Slack : -0.394
TNS   : -4.528

Type  : Fast 1100mV 85C Model Setup 'clk'
Slack : 0.273
TNS   : 0.000

Type  : Fast 1100mV 85C Model Hold 'clk'
Slack : 0.197
TNS   : 0.000

Type  : Fast 1100mV 85C Model Minimum Pulse Width 'clk'
Slack : -0.077
TNS   : -0.616

Type  : Fast 1100mV 0C Model Setup 'clk'
Slack : 0.324
TNS   : 0.000

Type  : Fast 1100mV 0C Model Hold 'clk'
Slack : 0.183
TNS   : 0.000

Type  : Fast 1100mV 0C Model Minimum Pulse Width 'clk'
Slack : -0.078
TNS   : -0.624

------------------------------------------------------------
