------------------------------------------------------------
TimeQuest Timing Analyzer Summary
------------------------------------------------------------

Type  : Slow 1100mV 85C Model Setup 'clk'
Slack : -1.109
TNS   : -8.872

Type  : Slow 1100mV 85C Model Hold 'clk'
Slack : 0.396
TNS   : 0.000

Type  : Slow 1100mV 85C Model Minimum Pulse Width 'clk'
Slack : -2.225
TNS   : -37.825

Type  : Slow 1100mV 0C Model Setup 'clk'
Slack : -1.106
TNS   : -8.848

Type  : Slow 1100mV 0C Model Hold 'clk'
Slack : 0.399
TNS   : 0.000

Type  : Slow 1100mV 0C Model Minimum Pulse Width 'clk'
Slack : -2.225
TNS   : -37.825

Type  : Fast 1100mV 85C Model Setup 'clk'
Slack : -1.055
TNS   : -8.440

Type  : Fast 1100mV 85C Model Hold 'clk'
Slack : 0.258
TNS   : 0.000

Type  : Fast 1100mV 85C Model Minimum Pulse Width 'clk'
Slack : -1.702
TNS   : -29.049

Type  : Fast 1100mV 0C Model Setup 'clk'
Slack : -1.057
TNS   : -8.456

Type  : Fast 1100mV 0C Model Hold 'clk'
Slack : 0.225
TNS   : 0.000

Type  : Fast 1100mV 0C Model Minimum Pulse Width 'clk'
Slack : -1.702
TNS   : -29.152

------------------------------------------------------------
