TimeQuest Timing Analyzer report for lab5_2
Fri May 24 15:30:13 2019
Quartus Prime Version 16.1.0 Build 196 10/24/2016 SJ Lite Edition


---------------------
; Table of Contents ;
---------------------
  1. Legal Notice
  2. TimeQuest Timing Analyzer Summary
  3. Parallel Compilation
  4. Clocks
  5. Slow 1100mV 85C Model Fmax Summary
  6. Timing Closure Recommendations
  7. Slow 1100mV 85C Model Setup Summary
  8. Slow 1100mV 85C Model Hold Summary
  9. Slow 1100mV 85C Model Recovery Summary
 10. Slow 1100mV 85C Model Removal Summary
 11. Slow 1100mV 85C Model Minimum Pulse Width Summary
 12. Slow 1100mV 85C Model Metastability Summary
 13. Slow 1100mV 0C Model Fmax Summary
 14. Slow 1100mV 0C Model Setup Summary
 15. Slow 1100mV 0C Model Hold Summary
 16. Slow 1100mV 0C Model Recovery Summary
 17. Slow 1100mV 0C Model Removal Summary
 18. Slow 1100mV 0C Model Minimum Pulse Width Summary
 19. Slow 1100mV 0C Model Metastability Summary
 20. Fast 1100mV 85C Model Setup Summary
 21. Fast 1100mV 85C Model Hold Summary
 22. Fast 1100mV 85C Model Recovery Summary
 23. Fast 1100mV 85C Model Removal Summary
 24. Fast 1100mV 85C Model Minimum Pulse Width Summary
 25. Fast 1100mV 85C Model Metastability Summary
 26. Fast 1100mV 0C Model Setup Summary
 27. Fast 1100mV 0C Model Hold Summary
 28. Fast 1100mV 0C Model Recovery Summary
 29. Fast 1100mV 0C Model Removal Summary
 30. Fast 1100mV 0C Model Minimum Pulse Width Summary
 31. Fast 1100mV 0C Model Metastability Summary
 32. Multicorner Timing Analysis Summary
 33. Board Trace Model Assignments
 34. Input Transition Times
 35. Signal Integrity Metrics (Slow 1100mv 0c Model)
 36. Signal Integrity Metrics (Slow 1100mv 85c Model)
 37. Signal Integrity Metrics (Fast 1100mv 0c Model)
 38. Signal Integrity Metrics (Fast 1100mv 85c Model)
 39. Setup Transfers
 40. Hold Transfers
 41. Report TCCS
 42. Report RSKM
 43. Unconstrained Paths Summary
 44. Clock Status Summary
 45. Unconstrained Input Ports
 46. Unconstrained Output Ports
 47. Unconstrained Input Ports
 48. Unconstrained Output Ports
 49. TimeQuest Timing Analyzer Messages



----------------
; Legal Notice ;
----------------
Copyright (C) 2016  Intel Corporation. All rights reserved.
Your use of Intel Corporation's design tools, logic functions 
and other software and tools, and its AMPP partner logic 
functions, and any output files from any of the foregoing 
(including device programming or simulation files), and any 
associated documentation or information are expressly subject 
to the terms and conditions of the Intel Program License 
Subscription Agreement, the Intel Quartus Prime License Agreement,
the Intel MegaCore Function License Agreement, or other 
applicable license agreement, including, without limitation, 
that your use is for the sole purpose of programming logic 
devices manufactured by Intel and sold by Intel or its 
authorized distributors.  Please refer to the applicable 
agreement for further details.



+-----------------------------------------------------------------------------+
; TimeQuest Timing Analyzer Summary                                           ;
+-----------------------+-----------------------------------------------------+
; Quartus Prime Version ; Version 16.1.0 Build 196 10/24/2016 SJ Lite Edition ;
; Timing Analyzer       ; TimeQuest                                           ;
; Revision Name         ; lab5_2                                              ;
; Device Family         ; Cyclone V                                           ;
; Device Name           ; 5CSEMA5F31C6                                        ;
; Timing Models         ; Final                                               ;
; Delay Model           ; Combined                                            ;
; Rise/Fall Delays      ; Enabled                                             ;
+-----------------------+-----------------------------------------------------+


+------------------------------------------+
; Parallel Compilation                     ;
+----------------------------+-------------+
; Processors                 ; Number      ;
+----------------------------+-------------+
; Number detected on machine ; 8           ;
; Maximum allowed            ; 4           ;
;                            ;             ;
; Average used               ; 1.05        ;
; Maximum used               ; 4           ;
;                            ;             ;
; Usage by Processor         ; % Time Used ;
;     Processor 1            ; 100.0%      ;
;     Processor 2            ;   1.7%      ;
;     Processor 3            ;   1.6%      ;
;     Processor 4            ;   1.6%      ;
+----------------------------+-------------+


+---------------------------------------------------------------------------------------------------------------------------------------------------------------------------------+
; Clocks                                                                                                                                                                          ;
+------------+------+--------+------------+-------+-------+------------+-----------+-------------+-------+--------+-----------+------------+----------+--------+--------+---------+
; Clock Name ; Type ; Period ; Frequency  ; Rise  ; Fall  ; Duty Cycle ; Divide by ; Multiply by ; Phase ; Offset ; Edge List ; Edge Shift ; Inverted ; Master ; Source ; Targets ;
+------------+------+--------+------------+-------+-------+------------+-----------+-------------+-------+--------+-----------+------------+----------+--------+--------+---------+
; clk        ; Base ; 1.000  ; 1000.0 MHz ; 0.000 ; 0.500 ;            ;           ;             ;       ;        ;           ;            ;          ;        ;        ; { clk } ;
+------------+------+--------+------------+-------+-------+------------+-----------+-------------+-------+--------+-----------+------------+----------+--------+--------+---------+


+--------------------------------------------------+
; Slow 1100mV 85C Model Fmax Summary               ;
+------------+-----------------+------------+------+
; Fmax       ; Restricted Fmax ; Clock Name ; Note ;
+------------+-----------------+------------+------+
; 262.67 MHz ; 262.67 MHz      ; clk        ;      ;
+------------+-----------------+------------+------+
This panel reports FMAX for every clock in the design, regardless of the user-specified clock periods.  FMAX is only computed for paths where the source and destination registers or ports are driven by the same clock.  Paths of different clocks, including generated clocks, are ignored.  For paths between a clock and its inversion, FMAX is computed as if the rising and falling edges are scaled along with FMAX, such that the duty cycle (in terms of a percentage) is maintained. Altera recommends that you always use clock constraints and other slack reports for sign-off analysis.


----------------------------------
; Timing Closure Recommendations ;
----------------------------------
HTML report is unavailable in plain text report export.


+-------------------------------------+
; Slow 1100mV 85C Model Setup Summary ;
+-------+--------+--------------------+
; Clock ; Slack  ; End Point TNS      ;
+-------+--------+--------------------+
; clk   ; -2.807 ; -52.181            ;
+-------+--------+--------------------+


+------------------------------------+
; Slow 1100mV 85C Model Hold Summary ;
+-------+-------+--------------------+
; Clock ; Slack ; End Point TNS      ;
+-------+-------+--------------------+
; clk   ; 0.370 ; 0.000              ;
+-------+-------+--------------------+


------------------------------------------
; Slow 1100mV 85C Model Recovery Summary ;
------------------------------------------
No paths to report.


-----------------------------------------
; Slow 1100mV 85C Model Removal Summary ;
-----------------------------------------
No paths to report.


+---------------------------------------------------+
; Slow 1100mV 85C Model Minimum Pulse Width Summary ;
+-------+--------+----------------------------------+
; Clock ; Slack  ; End Point TNS                    ;
+-------+--------+----------------------------------+
; clk   ; -2.225 ; -64.154                          ;
+-------+--------+----------------------------------+


-----------------------------------------------
; Slow 1100mV 85C Model Metastability Summary ;
-----------------------------------------------
No synchronizer chains to report.


+--------------------------------------------------+
; Slow 1100mV 0C Model Fmax Summary                ;
+------------+-----------------+------------+------+
; Fmax       ; Restricted Fmax ; Clock Name ; Note ;
+------------+-----------------+------------+------+
; 258.93 MHz ; 258.93 MHz      ; clk        ;      ;
+------------+-----------------+------------+------+
This panel reports FMAX for every clock in the design, regardless of the user-specified clock periods.  FMAX is only computed for paths where the source and destination registers or ports are driven by the same clock.  Paths of different clocks, including generated clocks, are ignored.  For paths between a clock and its inversion, FMAX is computed as if the rising and falling edges are scaled along with FMAX, such that the duty cycle (in terms of a percentage) is maintained. Altera recommends that you always use clock constraints and other slack reports for sign-off analysis.


+------------------------------------+
; Slow 1100mV 0C Model Setup Summary ;
+-------+--------+-------------------+
; Clock ; Slack  ; End Point TNS     ;
+-------+--------+-------------------+
; clk   ; -2.862 ; -52.784           ;
+-------+--------+-------------------+


+-----------------------------------+
; Slow 1100mV 0C Model Hold Summary ;
+-------+-------+-------------------+
; Clock ; Slack ; End Point TNS     ;
+-------+-------+-------------------+
; clk   ; 0.371 ; 0.000             ;
+-------+-------+-------------------+


-----------------------------------------
; Slow 1100mV 0C Model Recovery Summary ;
-----------------------------------------
No paths to report.


----------------------------------------
; Slow 1100mV 0C Model Removal Summary ;
----------------------------------------
No paths to report.


+--------------------------------------------------+
; Slow 1100mV 0C Model Minimum Pulse Width Summary ;
+-------+--------+---------------------------------+
; Clock ; Slack  ; End Point TNS                   ;
+-------+--------+---------------------------------+
; clk   ; -2.225 ; -63.563                         ;
+-------+--------+---------------------------------+


----------------------------------------------
; Slow 1100mV 0C Model Metastability Summary ;
----------------------------------------------
No synchronizer chains to report.


+-------------------------------------+
; Fast 1100mV 85C Model Setup Summary ;
+-------+--------+--------------------+
; Clock ; Slack  ; End Point TNS      ;
+-------+--------+--------------------+
; clk   ; -1.107 ; -22.873            ;
+-------+--------+--------------------+


+------------------------------------+
; Fast 1100mV 85C Model Hold Summary ;
+-------+-------+--------------------+
; Clock ; Slack ; End Point TNS      ;
+-------+-------+--------------------+
; clk   ; 0.189 ; 0.000              ;
+-------+-------+--------------------+


------------------------------------------
; Fast 1100mV 85C Model Recovery Summary ;
------------------------------------------
No paths to report.


-----------------------------------------
; Fast 1100mV 85C Model Removal Summary ;
-----------------------------------------
No paths to report.


+---------------------------------------------------+
; Fast 1100mV 85C Model Minimum Pulse Width Summary ;
+-------+--------+----------------------------------+
; Clock ; Slack  ; End Point TNS                    ;
+-------+--------+----------------------------------+
; clk   ; -1.702 ; -47.434                          ;
+-------+--------+----------------------------------+


-----------------------------------------------
; Fast 1100mV 85C Model Metastability Summary ;
-----------------------------------------------
No synchronizer chains to report.


+------------------------------------+
; Fast 1100mV 0C Model Setup Summary ;
+-------+--------+-------------------+
; Clock ; Slack  ; End Point TNS     ;
+-------+--------+-------------------+
; clk   ; -1.068 ; -21.519           ;
+-------+--------+-------------------+


+-----------------------------------+
; Fast 1100mV 0C Model Hold Summary ;
+-------+-------+-------------------+
; Clock ; Slack ; End Point TNS     ;
+-------+-------+-------------------+
; clk   ; 0.180 ; 0.000             ;
+-------+-------+-------------------+


-----------------------------------------
; Fast 1100mV 0C Model Recovery Summary ;
-----------------------------------------
No paths to report.


----------------------------------------
; Fast 1100mV 0C Model Removal Summary ;
----------------------------------------
No paths to report.


+--------------------------------------------------+
; Fast 1100mV 0C Model Minimum Pulse Width Summary ;
+-------+--------+---------------------------------+
; Clock ; Slack  ; End Point TNS                   ;
+-------+--------+---------------------------------+
; clk   ; -1.702 ; -47.785                         ;
+-------+--------+---------------------------------+


----------------------------------------------
; Fast 1100mV 0C Model Metastability Summary ;
----------------------------------------------
No synchronizer chains to report.


+-------------------------------------------------------------------------------+
; Multicorner Timing Analysis Summary                                           ;
+------------------+---------+-------+----------+---------+---------------------+
; Clock            ; Setup   ; Hold  ; Recovery ; Removal ; Minimum Pulse Width ;
+------------------+---------+-------+----------+---------+---------------------+
; Worst-case Slack ; -2.862  ; 0.180 ; N/A      ; N/A     ; -2.225              ;
;  clk             ; -2.862  ; 0.180 ; N/A      ; N/A     ; -2.225              ;
; Design-wide TNS  ; -52.784 ; 0.0   ; 0.0      ; 0.0     ; -64.154             ;
;  clk             ; -52.784 ; 0.000 ; N/A      ; N/A     ; -64.154             ;
+------------------+---------+-------+----------+---------+---------------------+


+------------------------------------------------------------------------------------------------------------------------------------------------------------------------------------------------------------------------------------------------------------------------------------------------------------------------------------------------------------------------------------------------------------+
; Board Trace Model Assignments                                                                                                                                                                                                                                                                                                                                                                              ;
+---------+--------------+-------------------+-------------------------+-------------------------+---------------+---------------------+----------------+------------------+--------+------------------+------------------------+------------------------+--------------+---------------+-----------------+-------+---------------------+--------------------+---------------+-----------------+-------------+
; Pin     ; I/O Standard ; Near Tline Length ; Near Tline L per Length ; Near Tline C per Length ; Near Series R ; Near Differential R ; Near Pull-up R ; Near Pull-down R ; Near C ; Far Tline Length ; Far Tline L per Length ; Far Tline C per Length ; Far Series R ; Far Pull-up R ; Far Pull-down R ; Far C ; Termination Voltage ; Far Differential R ; EBD File Name ; EBD Signal Name ; EBD Far-end ;
+---------+--------------+-------------------+-------------------------+-------------------------+---------------+---------------------+----------------+------------------+--------+------------------+------------------------+------------------------+--------------+---------------+-----------------+-------+---------------------+--------------------+---------------+-----------------+-------------+
; led[0]  ; 3.0-V LVCMOS ; 0 in              ; 0 H/in                  ; 0 F/in                  ; short         ; -                   ; open           ; open             ; open   ; 0 in             ; 0 H/in                 ; 0 F/in                 ; short        ; open          ; open            ; open  ; 0 V                 ; -                  ; n/a           ; n/a             ; n/a         ;
; led[1]  ; 3.0-V LVCMOS ; 0 in              ; 0 H/in                  ; 0 F/in                  ; short         ; -                   ; open           ; open             ; open   ; 0 in             ; 0 H/in                 ; 0 F/in                 ; short        ; open          ; open            ; open  ; 0 V                 ; -                  ; n/a           ; n/a             ; n/a         ;
; led[2]  ; 3.0-V LVCMOS ; 0 in              ; 0 H/in                  ; 0 F/in                  ; short         ; -                   ; open           ; open             ; open   ; 0 in             ; 0 H/in                 ; 0 F/in                 ; short        ; open          ; open            ; open  ; 0 V                 ; -                  ; n/a           ; n/a             ; n/a         ;
; led[3]  ; 3.0-V LVCMOS ; 0 in              ; 0 H/in                  ; 0 F/in                  ; short         ; -                   ; open           ; open             ; open   ; 0 in             ; 0 H/in                 ; 0 F/in                 ; short        ; open          ; open            ; open  ; 0 V                 ; -                  ; n/a           ; n/a             ; n/a         ;
; led[4]  ; 3.0-V LVCMOS ; 0 in              ; 0 H/in                  ; 0 F/in                  ; short         ; -                   ; open           ; open             ; open   ; 0 in             ; 0 H/in                 ; 0 F/in                 ; short        ; open          ; open            ; open  ; 0 V                 ; -                  ; n/a           ; n/a             ; n/a         ;
; led[5]  ; 3.0-V LVCMOS ; 0 in              ; 0 H/in                  ; 0 F/in                  ; short         ; -                   ; open           ; open             ; open   ; 0 in             ; 0 H/in                 ; 0 F/in                 ; short        ; open          ; open            ; open  ; 0 V                 ; -                  ; n/a           ; n/a             ; n/a         ;
; led[6]  ; 3.0-V LVCMOS ; 0 in              ; 0 H/in                  ; 0 F/in                  ; short         ; -                   ; open           ; open             ; open   ; 0 in             ; 0 H/in                 ; 0 F/in                 ; short        ; open          ; open            ; open  ; 0 V                 ; -                  ; n/a           ; n/a             ; n/a         ;
; led[7]  ; 3.0-V LVCMOS ; 0 in              ; 0 H/in                  ; 0 F/in                  ; short         ; -                   ; open           ; open             ; open   ; 0 in             ; 0 H/in                 ; 0 F/in                 ; short        ; open          ; open            ; open  ; 0 V                 ; -                  ; n/a           ; n/a             ; n/a         ;
; led0[8] ; 3.0-V LVCMOS ; 0 in              ; 0 H/in                  ; 0 F/in                  ; short         ; -                   ; open           ; open             ; open   ; 0 in             ; 0 H/in                 ; 0 F/in                 ; short        ; open          ; open            ; open  ; 0 V                 ; -                  ; n/a           ; n/a             ; n/a         ;
; led0[9] ; 3.0-V LVCMOS ; 0 in              ; 0 H/in                  ; 0 F/in                  ; short         ; -                   ; open           ; open             ; open   ; 0 in             ; 0 H/in                 ; 0 F/in                 ; short        ; open          ; open            ; open  ; 0 V                 ; -                  ; n/a           ; n/a             ; n/a         ;
+---------+--------------+-------------------+-------------------------+-------------------------+---------------+---------------------+----------------+------------------+--------+------------------+------------------------+------------------------+--------------+---------------+-----------------+-------+---------------------+--------------------+---------------+-----------------+-------------+


+---------------------------------------------------------+
; Input Transition Times                                  ;
+------+--------------+-----------------+-----------------+
; Pin  ; I/O Standard ; 10-90 Rise Time ; 90-10 Fall Time ;
+------+--------------+-----------------+-----------------+
; clk  ; 3.0-V LVCMOS ; 2400 ps         ; 2400 ps         ;
; sel  ; 3.0-V LVCMOS ; 2400 ps         ; 2400 ps         ;
; a[0] ; 3.0-V LVCMOS ; 2400 ps         ; 2400 ps         ;
; a[1] ; 3.0-V LVCMOS ; 2400 ps         ; 2400 ps         ;
; b[0] ; 3.0-V LVCMOS ; 2400 ps         ; 2400 ps         ;
; c[0] ; 3.0-V LVCMOS ; 2400 ps         ; 2400 ps         ;
; b[1] ; 3.0-V LVCMOS ; 2400 ps         ; 2400 ps         ;
; c[1] ; 3.0-V LVCMOS ; 2400 ps         ; 2400 ps         ;
; d[0] ; 3.0-V LVCMOS ; 2400 ps         ; 2400 ps         ;
; d[1] ; 3.0-V LVCMOS ; 2400 ps         ; 2400 ps         ;
+------+--------------+-----------------+-----------------+


+--------------------------------------------------------------------------------------------------------------------------------------------------------------------------------------------------------------------------------------------------------------------------------------------------------------------------------------------------------------------------------------------------------------------------------------------------------------------------------------------------------------------------------------------------------------------------------------------------------------------------------------------------------------------------------------+
; Signal Integrity Metrics (Slow 1100mv 0c Model)                                                                                                                                                                                                                                                                                                                                                                                                                                                                                                                                                                                                                                      ;
+---------+--------------+---------------------+---------------------+------------------------------+------------------------------+---------------------+---------------------+--------------------------------------+--------------------------------------+-----------------------------+-----------------------------+----------------------------+----------------------------+-----------------------------+-----------------------------+--------------------+--------------------+-------------------------------------+-------------------------------------+----------------------------+----------------------------+---------------------------+---------------------------+
; Pin     ; I/O Standard ; Board Delay on Rise ; Board Delay on Fall ; Steady State Voh at FPGA Pin ; Steady State Vol at FPGA Pin ; Voh Max at FPGA Pin ; Vol Min at FPGA Pin ; Ringback Voltage on Rise at FPGA Pin ; Ringback Voltage on Fall at FPGA Pin ; 10-90 Rise Time at FPGA Pin ; 90-10 Fall Time at FPGA Pin ; Monotonic Rise at FPGA Pin ; Monotonic Fall at FPGA Pin ; Steady State Voh at Far-end ; Steady State Vol at Far-end ; Voh Max at Far-end ; Vol Min at Far-end ; Ringback Voltage on Rise at Far-end ; Ringback Voltage on Fall at Far-end ; 10-90 Rise Time at Far-end ; 90-10 Fall Time at Far-end ; Monotonic Rise at Far-end ; Monotonic Fall at Far-end ;
+---------+--------------+---------------------+---------------------+------------------------------+------------------------------+---------------------+---------------------+--------------------------------------+--------------------------------------+-----------------------------+-----------------------------+----------------------------+----------------------------+-----------------------------+-----------------------------+--------------------+--------------------+-------------------------------------+-------------------------------------+----------------------------+----------------------------+---------------------------+---------------------------+
; led[0]  ; 3.0-V LVCMOS ; 0 s                 ; 0 s                 ; 2.8 V                        ; 4.76e-07 V                   ; 2.9 V               ; -0.0882 V           ; 0.242 V                              ; 0.186 V                              ; 4.62e-10 s                  ; 4.47e-10 s                  ; No                         ; No                         ; 2.8 V                       ; 4.76e-07 V                  ; 2.9 V              ; -0.0882 V          ; 0.242 V                             ; 0.186 V                             ; 4.62e-10 s                 ; 4.47e-10 s                 ; No                        ; No                        ;
; led[1]  ; 3.0-V LVCMOS ; 0 s                 ; 0 s                 ; 2.8 V                        ; 4.04e-07 V                   ; 2.84 V              ; -0.0415 V           ; 0.172 V                              ; 0.119 V                              ; 4.52e-10 s                  ; 4.3e-10 s                   ; No                         ; Yes                        ; 2.8 V                       ; 4.04e-07 V                  ; 2.84 V             ; -0.0415 V          ; 0.172 V                             ; 0.119 V                             ; 4.52e-10 s                 ; 4.3e-10 s                  ; No                        ; Yes                       ;
; led[2]  ; 3.0-V LVCMOS ; 0 s                 ; 0 s                 ; 2.8 V                        ; 4.76e-07 V                   ; 2.9 V               ; -0.0882 V           ; 0.242 V                              ; 0.186 V                              ; 4.62e-10 s                  ; 4.47e-10 s                  ; No                         ; No                         ; 2.8 V                       ; 4.76e-07 V                  ; 2.9 V              ; -0.0882 V          ; 0.242 V                             ; 0.186 V                             ; 4.62e-10 s                 ; 4.47e-10 s                 ; No                        ; No                        ;
; led[3]  ; 3.0-V LVCMOS ; 0 s                 ; 0 s                 ; 2.8 V                        ; 4.76e-07 V                   ; 2.9 V               ; -0.0882 V           ; 0.242 V                              ; 0.186 V                              ; 4.62e-10 s                  ; 4.47e-10 s                  ; No                         ; No                         ; 2.8 V                       ; 4.76e-07 V                  ; 2.9 V              ; -0.0882 V          ; 0.242 V                             ; 0.186 V                             ; 4.62e-10 s                 ; 4.47e-10 s                 ; No                        ; No                        ;
; led[4]  ; 3.0-V LVCMOS ; 0 s                 ; 0 s                 ; 2.8 V                        ; 4.04e-07 V                   ; 2.84 V              ; -0.0415 V           ; 0.172 V                              ; 0.119 V                              ; 4.52e-10 s                  ; 4.3e-10 s                   ; No                         ; Yes                        ; 2.8 V                       ; 4.04e-07 V                  ; 2.84 V             ; -0.0415 V          ; 0.172 V                             ; 0.119 V                             ; 4.52e-10 s                 ; 4.3e-10 s                  ; No                        ; Yes                       ;
; led[5]  ; 3.0-V LVCMOS ; 0 s                 ; 0 s                 ; 2.8 V                        ; 4.04e-07 V                   ; 2.84 V              ; -0.0415 V           ; 0.172 V                              ; 0.119 V                              ; 4.52e-10 s                  ; 4.3e-10 s                   ; No                         ; Yes                        ; 2.8 V                       ; 4.04e-07 V                  ; 2.84 V             ; -0.0415 V          ; 0.172 V                             ; 0.119 V                             ; 4.52e-10 s                 ; 4.3e-10 s                  ; No                        ; Yes                       ;
; led[6]  ; 3.0-V LVCMOS ; 0 s                 ; 0 s                 ; 2.8 V                        ; 4.76e-07 V                   ; 2.9 V               ; -0.0882 V           ; 0.242 V                              ; 0.186 V                              ; 4.62e-10 s                  ; 4.47e-10 s                  ; No                         ; No                         ; 2.8 V                       ; 4.76e-07 V                  ; 2.9 V              ; -0.0882 V          ; 0.242 V                             ; 0.186 V                             ; 4.62e-10 s                 ; 4.47e-10 s                 ; No                        ; No                        ;
; led[7]  ; 3.0-V LVCMOS ; 0 s                 ; 0 s                 ; 2.8 V                        ; 4.76e-07 V                   ; 2.9 V               ; -0.0882 V           ; 0.242 V                              ; 0.186 V                              ; 4.62e-10 s                  ; 4.47e-10 s                  ; No                         ; No                         ; 2.8 V                       ; 4.76e-07 V                  ; 2.9 V              ; -0.0882 V          ; 0.242 V                             ; 0.186 V                             ; 4.62e-10 s                 ; 4.47e-10 s                 ; No                        ; No                        ;
; led0[8] ; 3.0-V LVCMOS ; 0 s                 ; 0 s                 ; 2.8 V                        ; 4.76e-07 V                   ; 2.9 V               ; -0.0882 V           ; 0.242 V                              ; 0.186 V                              ; 4.62e-10 s                  ; 4.47e-10 s                  ; No                         ; No                         ; 2.8 V                       ; 4.76e-07 V                  ; 2.9 V              ; -0.0882 V          ; 0.242 V                             ; 0.186 V                             ; 4.62e-10 s                 ; 4.47e-10 s                 ; No                        ; No                        ;
; led0[9] ; 3.0-V LVCMOS ; 0 s                 ; 0 s                 ; 2.8 V                        ; 4.04e-07 V                   ; 2.84 V              ; -0.0415 V           ; 0.172 V                              ; 0.119 V                              ; 4.52e-10 s                  ; 4.3e-10 s                   ; No                         ; Yes                        ; 2.8 V                       ; 4.04e-07 V                  ; 2.84 V             ; -0.0415 V          ; 0.172 V                             ; 0.119 V                             ; 4.52e-10 s                 ; 4.3e-10 s                  ; No                        ; Yes                       ;
+---------+--------------+---------------------+---------------------+------------------------------+------------------------------+---------------------+---------------------+--------------------------------------+--------------------------------------+-----------------------------+-----------------------------+----------------------------+----------------------------+-----------------------------+-----------------------------+--------------------+--------------------+-------------------------------------+-------------------------------------+----------------------------+----------------------------+---------------------------+---------------------------+


+--------------------------------------------------------------------------------------------------------------------------------------------------------------------------------------------------------------------------------------------------------------------------------------------------------------------------------------------------------------------------------------------------------------------------------------------------------------------------------------------------------------------------------------------------------------------------------------------------------------------------------------------------------------------------------------+
; Signal Integrity Metrics (Slow 1100mv 85c Model)                                                                                                                                                                                                                                                                                                                                                                                                                                                                                                                                                                                                                                     ;
+---------+--------------+---------------------+---------------------+------------------------------+------------------------------+---------------------+---------------------+--------------------------------------+--------------------------------------+-----------------------------+-----------------------------+----------------------------+----------------------------+-----------------------------+-----------------------------+--------------------+--------------------+-------------------------------------+-------------------------------------+----------------------------+----------------------------+---------------------------+---------------------------+
; Pin     ; I/O Standard ; Board Delay on Rise ; Board Delay on Fall ; Steady State Voh at FPGA Pin ; Steady State Vol at FPGA Pin ; Voh Max at FPGA Pin ; Vol Min at FPGA Pin ; Ringback Voltage on Rise at FPGA Pin ; Ringback Voltage on Fall at FPGA Pin ; 10-90 Rise Time at FPGA Pin ; 90-10 Fall Time at FPGA Pin ; Monotonic Rise at FPGA Pin ; Monotonic Fall at FPGA Pin ; Steady State Voh at Far-end ; Steady State Vol at Far-end ; Voh Max at Far-end ; Vol Min at Far-end ; Ringback Voltage on Rise at Far-end ; Ringback Voltage on Fall at Far-end ; 10-90 Rise Time at Far-end ; 90-10 Fall Time at Far-end ; Monotonic Rise at Far-end ; Monotonic Fall at Far-end ;
+---------+--------------+---------------------+---------------------+------------------------------+------------------------------+---------------------+---------------------+--------------------------------------+--------------------------------------+-----------------------------+-----------------------------+----------------------------+----------------------------+-----------------------------+-----------------------------+--------------------+--------------------+-------------------------------------+-------------------------------------+----------------------------+----------------------------+---------------------------+---------------------------+
; led[0]  ; 3.0-V LVCMOS ; 0 s                 ; 0 s                 ; 2.8 V                        ; 4.85e-05 V                   ; 2.87 V              ; -0.0606 V           ; 0.272 V                              ; 0.246 V                              ; 4.82e-10 s                  ; 4.76e-10 s                  ; No                         ; Yes                        ; 2.8 V                       ; 4.85e-05 V                  ; 2.87 V             ; -0.0606 V          ; 0.272 V                             ; 0.246 V                             ; 4.82e-10 s                 ; 4.76e-10 s                 ; No                        ; Yes                       ;
; led[1]  ; 3.0-V LVCMOS ; 0 s                 ; 0 s                 ; 2.8 V                        ; 4.25e-05 V                   ; 2.82 V              ; -0.0226 V           ; 0.216 V                              ; 0.176 V                              ; 4.79e-10 s                  ; 4.65e-10 s                  ; Yes                        ; Yes                        ; 2.8 V                       ; 4.25e-05 V                  ; 2.82 V             ; -0.0226 V          ; 0.216 V                             ; 0.176 V                             ; 4.79e-10 s                 ; 4.65e-10 s                 ; Yes                       ; Yes                       ;
; led[2]  ; 3.0-V LVCMOS ; 0 s                 ; 0 s                 ; 2.8 V                        ; 4.85e-05 V                   ; 2.87 V              ; -0.0606 V           ; 0.272 V                              ; 0.246 V                              ; 4.82e-10 s                  ; 4.76e-10 s                  ; No                         ; Yes                        ; 2.8 V                       ; 4.85e-05 V                  ; 2.87 V             ; -0.0606 V          ; 0.272 V                             ; 0.246 V                             ; 4.82e-10 s                 ; 4.76e-10 s                 ; No                        ; Yes                       ;
; led[3]  ; 3.0-V LVCMOS ; 0 s                 ; 0 s                 ; 2.8 V                        ; 4.85e-05 V                   ; 2.87 V              ; -0.0606 V           ; 0.272 V                              ; 0.246 V                              ; 4.82e-10 s                  ; 4.76e-10 s                  ; No                         ; Yes                        ; 2.8 V                       ; 4.85e-05 V                  ; 2.87 V             ; -0.0606 V          ; 0.272 V                             ; 0.246 V                             ; 4.82e-10 s                 ; 4.76e-10 s                 ; No                        ; Yes                       ;
; led[4]  ; 3.0-V LVCMOS ; 0 s                 ; 0 s                 ; 2.8 V                        ; 4.25e-05 V                   ; 2.82 V              ; -0.0226 V           ; 0.216 V                              ; 0.176 V                              ; 4.79e-10 s                  ; 4.65e-10 s                  ; Yes                        ; Yes                        ; 2.8 V                       ; 4.25e-05 V                  ; 2.82 V             ; -0.0226 V          ; 0.216 V                             ; 0.176 V                             ; 4.79e-10 s                 ; 4.65e-10 s                 ; Yes                       ; Yes                       ;
; led[5]  ; 3.0-V LVCMOS ; 0 s                 ; 0 s                 ; 2.8 V                        ; 4.25e-05 V                   ; 2.82 V              ; -0.0226 V           ; 0.216 V                              ; 0.176 V                              ; 4.79e-10 s                  ; 4.65e-10 s                  ; Yes                        ; Yes                        ; 2.8 V                       ; 4.25e-05 V                  ; 2.82 V             ; -0.0226 V          ; 0.216 V                             ; 0.176 V                             ; 4.79e-10 s                 ; 4.65e-10 s                 ; Yes                       ; Yes                       ;
; led[6]  ; 3.0-V LVCMOS ; 0 s                 ; 0 s                 ; 2.8 V                        ; 4.85e-05 V                   ; 2.87 V              ; -0.0606 V           ; 0.272 V                              ; 0.246 V                              ; 4.82e-10 s                  ; 4.76e-10 s                  ; No                         ; Yes                        ; 2.8 V                       ; 4.85e-05 V                  ; 2.87 V             ; -0.0606 V          ; 0.272 V                             ; 0.246 V                             ; 4.82e-10 s                 ; 4.76e-10 s                 ; No                        ; Yes                       ;
; led[7]  ; 3.0-V LVCMOS ; 0 s                 ; 0 s                 ; 2.8 V                        ; 4.85e-05 V                   ; 2.87 V              ; -0.0606 V           ; 0.272 V                              ; 0.246 V                              ; 4.82e-10 s                  ; 4.76e-10 s                  ; No                         ; Yes                        ; 2.8 V                       ; 4.85e-05 V                  ; 2.87 V             ; -0.0606 V          ; 0.272 V                             ; 0.246 V                             ; 4.82e-10 s                 ; 4.76e-10 s                 ; No                        ; Yes                       ;
; led0[8] ; 3.0-V LVCMOS ; 0 s                 ; 0 s                 ; 2.8 V                        ; 4.85e-05 V                   ; 2.87 V              ; -0.0606 V           ; 0.272 V                              ; 0.246 V                              ; 4.82e-10 s                  ; 4.76e-10 s                  ; No                         ; Yes                        ; 2.8 V                       ; 4.85e-05 V                  ; 2.87 V             ; -0.0606 V          ; 0.272 V                             ; 0.246 V                             ; 4.82e-10 s                 ; 4.76e-10 s                 ; No                        ; Yes                       ;
; led0[9] ; 3.0-V LVCMOS ; 0 s                 ; 0 s                 ; 2.8 V                        ; 4.25e-05 V                   ; 2.82 V              ; -0.0226 V           ; 0.216 V                              ; 0.176 V                              ; 4.79e-10 s                  ; 4.65e-10 s                  ; Yes                        ; Yes                        ; 2.8 V                       ; 4.25e-05 V                  ; 2.82 V             ; -0.0226 V          ; 0.216 V                             ; 0.176 V                             ; 4.79e-10 s                 ; 4.65e-10 s                 ; Yes                       ; Yes                       ;
+---------+--------------+---------------------+---------------------+------------------------------+------------------------------+---------------------+---------------------+--------------------------------------+--------------------------------------+-----------------------------+-----------------------------+----------------------------+----------------------------+-----------------------------+-----------------------------+--------------------+--------------------+-------------------------------------+-------------------------------------+----------------------------+----------------------------+---------------------------+---------------------------+


+--------------------------------------------------------------------------------------------------------------------------------------------------------------------------------------------------------------------------------------------------------------------------------------------------------------------------------------------------------------------------------------------------------------------------------------------------------------------------------------------------------------------------------------------------------------------------------------------------------------------------------------------------------------------------------------+
; Signal Integrity Metrics (Fast 1100mv 0c Model)                                                                                                                                                                                                                                                                                                                                                                                                                                                                                                                                                                                                                                      ;
+---------+--------------+---------------------+---------------------+------------------------------+------------------------------+---------------------+---------------------+--------------------------------------+--------------------------------------+-----------------------------+-----------------------------+----------------------------+----------------------------+-----------------------------+-----------------------------+--------------------+--------------------+-------------------------------------+-------------------------------------+----------------------------+----------------------------+---------------------------+---------------------------+
; Pin     ; I/O Standard ; Board Delay on Rise ; Board Delay on Fall ; Steady State Voh at FPGA Pin ; Steady State Vol at FPGA Pin ; Voh Max at FPGA Pin ; Vol Min at FPGA Pin ; Ringback Voltage on Rise at FPGA Pin ; Ringback Voltage on Fall at FPGA Pin ; 10-90 Rise Time at FPGA Pin ; 90-10 Fall Time at FPGA Pin ; Monotonic Rise at FPGA Pin ; Monotonic Fall at FPGA Pin ; Steady State Voh at Far-end ; Steady State Vol at Far-end ; Voh Max at Far-end ; Vol Min at Far-end ; Ringback Voltage on Rise at Far-end ; Ringback Voltage on Fall at Far-end ; 10-90 Rise Time at Far-end ; 90-10 Fall Time at Far-end ; Monotonic Rise at Far-end ; Monotonic Fall at Far-end ;
+---------+--------------+---------------------+---------------------+------------------------------+------------------------------+---------------------+---------------------+--------------------------------------+--------------------------------------+-----------------------------+-----------------------------+----------------------------+----------------------------+-----------------------------+-----------------------------+--------------------+--------------------+-------------------------------------+-------------------------------------+----------------------------+----------------------------+---------------------------+---------------------------+
; led[0]  ; 3.0-V LVCMOS ; 0 s                 ; 0 s                 ; 3.3 V                        ; 6.22e-06 V                   ; 3.46 V              ; -0.148 V            ; 0.461 V                              ; 0.459 V                              ; 2.95e-10 s                  ; 3.03e-10 s                  ; No                         ; No                         ; 3.3 V                       ; 6.22e-06 V                  ; 3.46 V             ; -0.148 V           ; 0.461 V                             ; 0.459 V                             ; 2.95e-10 s                 ; 3.03e-10 s                 ; No                        ; No                        ;
; led[1]  ; 3.0-V LVCMOS ; 0 s                 ; 0 s                 ; 3.3 V                        ; 5.2e-06 V                    ; 3.37 V              ; -0.0811 V           ; 0.383 V                              ; 0.345 V                              ; 3.01e-10 s                  ; 2.96e-10 s                  ; No                         ; No                         ; 3.3 V                       ; 5.2e-06 V                   ; 3.37 V             ; -0.0811 V          ; 0.383 V                             ; 0.345 V                             ; 3.01e-10 s                 ; 2.96e-10 s                 ; No                        ; No                        ;
; led[2]  ; 3.0-V LVCMOS ; 0 s                 ; 0 s                 ; 3.3 V                        ; 6.22e-06 V                   ; 3.46 V              ; -0.148 V            ; 0.461 V                              ; 0.459 V                              ; 2.95e-10 s                  ; 3.03e-10 s                  ; No                         ; No                         ; 3.3 V                       ; 6.22e-06 V                  ; 3.46 V             ; -0.148 V           ; 0.461 V                             ; 0.459 V                             ; 2.95e-10 s                 ; 3.03e-10 s                 ; No                        ; No                        ;
; led[3]  ; 3.0-V LVCMOS ; 0 s                 ; 0 s                 ; 3.3 V                        ; 6.22e-06 V                   ; 3.46 V              ; -0.148 V            ; 0.461 V                              ; 0.459 V                              ; 2.95e-10 s                  ; 3.03e-10 s                  ; No                         ; No                         ; 3.3 V                       ; 6.22e-06 V                  ; 3.46 V             ; -0.148 V           ; 0.461 V                             ; 0.459 V                             ; 2.95e-10 s                 ; 3.03e-10 s                 ; No                        ; No                        ;
; led[4]  ; 3.0-V LVCMOS ; 0 s                 ; 0 s                 ; 3.3 V                        ; 5.2e-06 V                    ; 3.37 V              ; -0.0811 V           ; 0.383 V                              ; 0.345 V                              ; 3.01e-10 s                  ; 2.96e-10 s                  ; No                         ; No                         ; 3.3 V                       ; 5.2e-06 V                   ; 3.37 V             ; -0.0811 V          ; 0.383 V                             ; 0.345 V                             ; 3.01e-10 s                 ; 2.96e-10 s                 ; No                        ; No                        ;
; led[5]  ; 3.0-V LVCMOS ; 0 s                 ; 0 s                 ; 3.3 V                        ; 5.2e-06 V                    ; 3.37 V              ; -0.0811 V           ; 0.383 V                              ; 0.345 V                              ; 3.01e-10 s                  ; 2.96e-10 s                  ; No                         ; No                         ; 3.3 V                       ; 5.2e-06 V                   ; 3.37 V             ; -0.0811 V          ; 0.383 V                             ; 0.345 V                             ; 3.01e-10 s                 ; 2.96e-10 s                 ; No                        ; No                        ;
; led[6]  ; 3.0-V LVCMOS ; 0 s                 ; 0 s                 ; 3.3 V                        ; 6.22e-06 V                   ; 3.46 V              ; -0.148 V            ; 0.461 V                              ; 0.459 V                              ; 2.95e-10 s                  ; 3.03e-10 s                  ; No                         ; No                         ; 3.3 V                       ; 6.22e-06 V                  ; 3.46 V             ; -0.148 V           ; 0.461 V                             ; 0.459 V                             ; 2.95e-10 s                 ; 3.03e-10 s                 ; No                        ; No                        ;
; led[7]  ; 3.0-V LVCMOS ; 0 s                 ; 0 s                 ; 3.3 V                        ; 6.22e-06 V                   ; 3.46 V              ; -0.148 V            ; 0.461 V                              ; 0.459 V                              ; 2.95e-10 s                  ; 3.03e-10 s                  ; No                         ; No                         ; 3.3 V                       ; 6.22e-06 V                  ; 3.46 V             ; -0.148 V           ; 0.461 V                             ; 0.459 V                             ; 2.95e-10 s                 ; 3.03e-10 s                 ; No                        ; No                        ;
; led0[8] ; 3.0-V LVCMOS ; 0 s                 ; 0 s                 ; 3.3 V                        ; 6.22e-06 V                   ; 3.46 V              ; -0.148 V            ; 0.461 V                              ; 0.459 V                              ; 2.95e-10 s                  ; 3.03e-10 s                  ; No                         ; No                         ; 3.3 V                       ; 6.22e-06 V                  ; 3.46 V             ; -0.148 V           ; 0.461 V                             ; 0.459 V                             ; 2.95e-10 s                 ; 3.03e-10 s                 ; No                        ; No                        ;
; led0[9] ; 3.0-V LVCMOS ; 0 s                 ; 0 s                 ; 3.3 V                        ; 5.2e-06 V                    ; 3.37 V              ; -0.0811 V           ; 0.383 V                              ; 0.345 V                              ; 3.01e-10 s                  ; 2.96e-10 s                  ; No                         ; No                         ; 3.3 V                       ; 5.2e-06 V                   ; 3.37 V             ; -0.0811 V          ; 0.383 V                             ; 0.345 V                             ; 3.01e-10 s                 ; 2.96e-10 s                 ; No                        ; No                        ;
+---------+--------------+---------------------+---------------------+------------------------------+------------------------------+---------------------+---------------------+--------------------------------------+--------------------------------------+-----------------------------+-----------------------------+----------------------------+----------------------------+-----------------------------+-----------------------------+--------------------+--------------------+-------------------------------------+-------------------------------------+----------------------------+----------------------------+---------------------------+---------------------------+


+--------------------------------------------------------------------------------------------------------------------------------------------------------------------------------------------------------------------------------------------------------------------------------------------------------------------------------------------------------------------------------------------------------------------------------------------------------------------------------------------------------------------------------------------------------------------------------------------------------------------------------------------------------------------------------------+
; Signal Integrity Metrics (Fast 1100mv 85c Model)                                                                                                                                                                                                                                                                                                                                                                                                                                                                                                                                                                                                                                     ;
+---------+--------------+---------------------+---------------------+------------------------------+------------------------------+---------------------+---------------------+--------------------------------------+--------------------------------------+-----------------------------+-----------------------------+----------------------------+----------------------------+-----------------------------+-----------------------------+--------------------+--------------------+-------------------------------------+-------------------------------------+----------------------------+----------------------------+---------------------------+---------------------------+
; Pin     ; I/O Standard ; Board Delay on Rise ; Board Delay on Fall ; Steady State Voh at FPGA Pin ; Steady State Vol at FPGA Pin ; Voh Max at FPGA Pin ; Vol Min at FPGA Pin ; Ringback Voltage on Rise at FPGA Pin ; Ringback Voltage on Fall at FPGA Pin ; 10-90 Rise Time at FPGA Pin ; 90-10 Fall Time at FPGA Pin ; Monotonic Rise at FPGA Pin ; Monotonic Fall at FPGA Pin ; Steady State Voh at Far-end ; Steady State Vol at Far-end ; Voh Max at Far-end ; Vol Min at Far-end ; Ringback Voltage on Rise at Far-end ; Ringback Voltage on Fall at Far-end ; 10-90 Rise Time at Far-end ; 90-10 Fall Time at Far-end ; Monotonic Rise at Far-end ; Monotonic Fall at Far-end ;
+---------+--------------+---------------------+---------------------+------------------------------+------------------------------+---------------------+---------------------+--------------------------------------+--------------------------------------+-----------------------------+-----------------------------+----------------------------+----------------------------+-----------------------------+-----------------------------+--------------------+--------------------+-------------------------------------+-------------------------------------+----------------------------+----------------------------+---------------------------+---------------------------+
; led[0]  ; 3.0-V LVCMOS ; 0 s                 ; 0 s                 ; 3.3 V                        ; 0.000328 V                   ; 3.41 V              ; -0.103 V            ; 0.233 V                              ; 0.233 V                              ; 4.59e-10 s                  ; 4.51e-10 s                  ; No                         ; No                         ; 3.3 V                       ; 0.000328 V                  ; 3.41 V             ; -0.103 V           ; 0.233 V                             ; 0.233 V                             ; 4.59e-10 s                 ; 4.51e-10 s                 ; No                        ; No                        ;
; led[1]  ; 3.0-V LVCMOS ; 0 s                 ; 0 s                 ; 3.3 V                        ; 0.000282 V                   ; 3.34 V              ; -0.0448 V           ; 0.166 V                              ; 0.149 V                              ; 4.46e-10 s                  ; 4.36e-10 s                  ; No                         ; Yes                        ; 3.3 V                       ; 0.000282 V                  ; 3.34 V             ; -0.0448 V          ; 0.166 V                             ; 0.149 V                             ; 4.46e-10 s                 ; 4.36e-10 s                 ; No                        ; Yes                       ;
; led[2]  ; 3.0-V LVCMOS ; 0 s                 ; 0 s                 ; 3.3 V                        ; 0.000328 V                   ; 3.41 V              ; -0.103 V            ; 0.233 V                              ; 0.233 V                              ; 4.59e-10 s                  ; 4.51e-10 s                  ; No                         ; No                         ; 3.3 V                       ; 0.000328 V                  ; 3.41 V             ; -0.103 V           ; 0.233 V                             ; 0.233 V                             ; 4.59e-10 s                 ; 4.51e-10 s                 ; No                        ; No                        ;
; led[3]  ; 3.0-V LVCMOS ; 0 s                 ; 0 s                 ; 3.3 V                        ; 0.000328 V                   ; 3.41 V              ; -0.103 V            ; 0.233 V                              ; 0.233 V                              ; 4.59e-10 s                  ; 4.51e-10 s                  ; No                         ; No                         ; 3.3 V                       ; 0.000328 V                  ; 3.41 V             ; -0.103 V           ; 0.233 V                             ; 0.233 V                             ; 4.59e-10 s                 ; 4.51e-10 s                 ; No                        ; No                        ;
; led[4]  ; 3.0-V LVCMOS ; 0 s                 ; 0 s                 ; 3.3 V                        ; 0.000282 V                   ; 3.34 V              ; -0.0448 V           ; 0.166 V                              ; 0.149 V                              ; 4.46e-10 s                  ; 4.36e-10 s                  ; No                         ; Yes                        ; 3.3 V                       ; 0.000282 V                  ; 3.34 V             ; -0.0448 V          ; 0.166 V                             ; 0.149 V                             ; 4.46e-10 s                 ; 4.36e-10 s                 ; No                        ; Yes                       ;
; led[5]  ; 3.0-V LVCMOS ; 0 s                 ; 0 s                 ; 3.3 V                        ; 0.000282 V                   ; 3.34 V              ; -0.0448 V           ; 0.166 V                              ; 0.149 V                              ; 4.46e-10 s                  ; 4.36e-10 s                  ; No                         ; Yes                        ; 3.3 V                       ; 0.000282 V                  ; 3.34 V             ; -0.0448 V          ; 0.166 V                             ; 0.149 V                             ; 4.46e-10 s                 ; 4.36e-10 s                 ; No                        ; Yes                       ;
; led[6]  ; 3.0-V LVCMOS ; 0 s                 ; 0 s                 ; 3.3 V                        ; 0.000328 V                   ; 3.41 V              ; -0.103 V            ; 0.233 V                              ; 0.233 V                              ; 4.59e-10 s                  ; 4.51e-10 s                  ; No                         ; No                         ; 3.3 V                       ; 0.000328 V                  ; 3.41 V             ; -0.103 V           ; 0.233 V                             ; 0.233 V                             ; 4.59e-10 s                 ; 4.51e-10 s                 ; No                        ; No                        ;
; led[7]  ; 3.0-V LVCMOS ; 0 s                 ; 0 s                 ; 3.3 V                        ; 0.000328 V                   ; 3.41 V              ; -0.103 V            ; 0.233 V                              ; 0.233 V                              ; 4.59e-10 s                  ; 4.51e-10 s                  ; No                         ; No                         ; 3.3 V                       ; 0.000328 V                  ; 3.41 V             ; -0.103 V           ; 0.233 V                             ; 0.233 V                             ; 4.59e-10 s                 ; 4.51e-10 s                 ; No                        ; No                        ;
; led0[8] ; 3.0-V LVCMOS ; 0 s                 ; 0 s                 ; 3.3 V                        ; 0.000328 V                   ; 3.41 V              ; -0.103 V            ; 0.233 V                              ; 0.233 V                              ; 4.59e-10 s                  ; 4.51e-10 s                  ; No                         ; No                         ; 3.3 V                       ; 0.000328 V                  ; 3.41 V             ; -0.103 V           ; 0.233 V                             ; 0.233 V                             ; 4.59e-10 s                 ; 4.51e-10 s                 ; No                        ; No                        ;
; led0[9] ; 3.0-V LVCMOS ; 0 s                 ; 0 s                 ; 3.3 V                        ; 0.000282 V                   ; 3.34 V              ; -0.0448 V           ; 0.166 V                              ; 0.149 V                              ; 4.46e-10 s                  ; 4.36e-10 s                  ; No                         ; Yes                        ; 3.3 V                       ; 0.000282 V                  ; 3.34 V             ; -0.0448 V          ; 0.166 V                             ; 0.149 V                             ; 4.46e-10 s                 ; 4.36e-10 s                 ; No                        ; Yes                       ;
+---------+--------------+---------------------+---------------------+------------------------------+------------------------------+---------------------+---------------------+--------------------------------------+--------------------------------------+-----------------------------+-----------------------------+----------------------------+----------------------------+-----------------------------+-----------------------------+--------------------+--------------------+-------------------------------------+-------------------------------------+----------------------------+----------------------------+---------------------------+---------------------------+


+-------------------------------------------------------------------+
; Setup Transfers                                                   ;
+------------+----------+----------+----------+----------+----------+
; From Clock ; To Clock ; RR Paths ; FR Paths ; RF Paths ; FF Paths ;
+------------+----------+----------+----------+----------+----------+
; clk        ; clk      ; 89       ; 0        ; 0        ; 0        ;
+------------+----------+----------+----------+----------+----------+
Entries labeled "false path" only account for clock-to-clock false paths and not path-based false paths. As a result, actual path counts may be lower than reported.


+-------------------------------------------------------------------+
; Hold Transfers                                                    ;
+------------+----------+----------+----------+----------+----------+
; From Clock ; To Clock ; RR Paths ; FR Paths ; RF Paths ; FF Paths ;
+------------+----------+----------+----------+----------+----------+
; clk        ; clk      ; 89       ; 0        ; 0        ; 0        ;
+------------+----------+----------+----------+----------+----------+
Entries labeled "false path" only account for clock-to-clock false paths and not path-based false paths. As a result, actual path counts may be lower than reported.


---------------
; Report TCCS ;
---------------
No dedicated SERDES Transmitter circuitry present in device or used in design


---------------
; Report RSKM ;
---------------
No non-DPA dedicated SERDES Receiver circuitry present in device or used in design


+------------------------------------------------+
; Unconstrained Paths Summary                    ;
+---------------------------------+-------+------+
; Property                        ; Setup ; Hold ;
+---------------------------------+-------+------+
; Illegal Clocks                  ; 0     ; 0    ;
; Unconstrained Clocks            ; 0     ; 0    ;
; Unconstrained Input Ports       ; 9     ; 9    ;
; Unconstrained Input Port Paths  ; 12    ; 12   ;
; Unconstrained Output Ports      ; 7     ; 7    ;
; Unconstrained Output Port Paths ; 54    ; 54   ;
+---------------------------------+-------+------+


+-------------------------------------+
; Clock Status Summary                ;
+--------+-------+------+-------------+
; Target ; Clock ; Type ; Status      ;
+--------+-------+------+-------------+
; clk    ; clk   ; Base ; Constrained ;
+--------+-------+------+-------------+


+---------------------------------------------------------------------------------------------------+
; Unconstrained Input Ports                                                                         ;
+------------+--------------------------------------------------------------------------------------+
; Input Port ; Comment                                                                              ;
+------------+--------------------------------------------------------------------------------------+
; a[0]       ; No input delay, min/max delays, false-path exceptions, or max skew assignments found ;
; a[1]       ; No input delay, min/max delays, false-path exceptions, or max skew assignments found ;
; b[0]       ; No input delay, min/max delays, false-path exceptions, or max skew assignments found ;
; b[1]       ; No input delay, min/max delays, false-path exceptions, or max skew assignments found ;
; c[0]       ; No input delay, min/max delays, false-path exceptions, or max skew assignments found ;
; c[1]       ; No input delay, min/max delays, false-path exceptions, or max skew assignments found ;
; d[0]       ; No input delay, min/max delays, false-path exceptions, or max skew assignments found ;
; d[1]       ; No input delay, min/max delays, false-path exceptions, or max skew assignments found ;
; sel        ; No input delay, min/max delays, false-path exceptions, or max skew assignments found ;
+------------+--------------------------------------------------------------------------------------+


+-----------------------------------------------------------------------------------------------------+
; Unconstrained Output Ports                                                                          ;
+-------------+---------------------------------------------------------------------------------------+
; Output Port ; Comment                                                                               ;
+-------------+---------------------------------------------------------------------------------------+
; led[0]      ; No output delay, min/max delays, false-path exceptions, or max skew assignments found ;
; led[1]      ; No output delay, min/max delays, false-path exceptions, or max skew assignments found ;
; led[2]      ; No output delay, min/max delays, false-path exceptions, or max skew assignments found ;
; led[3]      ; No output delay, min/max delays, false-path exceptions, or max skew assignments found ;
; led[4]      ; No output delay, min/max delays, false-path exceptions, or max skew assignments found ;
; led[5]      ; No output delay, min/max delays, false-path exceptions, or max skew assignments found ;
; led[6]      ; No output delay, min/max delays, false-path exceptions, or max skew assignments found ;
+-------------+---------------------------------------------------------------------------------------+


+---------------------------------------------------------------------------------------------------+
; Unconstrained Input Ports                                                                         ;
+------------+--------------------------------------------------------------------------------------+
; Input Port ; Comment                                                                              ;
+------------+--------------------------------------------------------------------------------------+
; a[0]       ; No input delay, min/max delays, false-path exceptions, or max skew assignments found ;
; a[1]       ; No input delay, min/max delays, false-path exceptions, or max skew assignments found ;
; b[0]       ; No input delay, min/max delays, false-path exceptions, or max skew assignments found ;
; b[1]       ; No input delay, min/max delays, false-path exceptions, or max skew assignments found ;
; c[0]       ; No input delay, min/max delays, false-path exceptions, or max skew assignments found ;
; c[1]       ; No input delay, min/max delays, false-path exceptions, or max skew assignments found ;
; d[0]       ; No input delay, min/max delays, false-path exceptions, or max skew assignments found ;
; d[1]       ; No input delay, min/max delays, false-path exceptions, or max skew assignments found ;
; sel        ; No input delay, min/max delays, false-path exceptions, or max skew assignments found ;
+------------+--------------------------------------------------------------------------------------+


+-----------------------------------------------------------------------------------------------------+
; Unconstrained Output Ports                                                                          ;
+-------------+---------------------------------------------------------------------------------------+
; Output Port ; Comment                                                                               ;
+-------------+---------------------------------------------------------------------------------------+
; led[0]      ; No output delay, min/max delays, false-path exceptions, or max skew assignments found ;
; led[1]      ; No output delay, min/max delays, false-path exceptions, or max skew assignments found ;
; led[2]      ; No output delay, min/max delays, false-path exceptions, or max skew assignments found ;
; led[3]      ; No output delay, min/max delays, false-path exceptions, or max skew assignments found ;
; led[4]      ; No output delay, min/max delays, false-path exceptions, or max skew assignments found ;
; led[5]      ; No output delay, min/max delays, false-path exceptions, or max skew assignments found ;
; led[6]      ; No output delay, min/max delays, false-path exceptions, or max skew assignments found ;
+-------------+---------------------------------------------------------------------------------------+


+------------------------------------+
; TimeQuest Timing Analyzer Messages ;
+------------------------------------+
Info: *******************************************************************
Info: Running Quartus Prime TimeQuest Timing Analyzer
    Info: Version 16.1.0 Build 196 10/24/2016 SJ Lite Edition
    Info: Processing started: Fri May 24 15:30:03 2019
Info: Command: quartus_sta lab5_2 -c lab5_2
Info: qsta_default_script.tcl version: #1
Warning (18236): Number of processors has not been specified which may cause overloading on shared machines.  Set the global assignment NUM_PARALLEL_PROCESSORS in your QSF to an appropriate value for best performance.
Info (20030): Parallel compilation is enabled and will use 4 of the 4 processors detected
Info (21077): Low junction temperature is 0 degrees C
Info (21077): High junction temperature is 85 degrees C
Critical Warning (332012): Synopsys Design Constraints File file not found: 'lab5_2.sdc'. A Synopsys Design Constraints File is required by the TimeQuest Timing Analyzer to get proper timing constraints. Without it, the Compiler will not properly optimize the design.
Info (332142): No user constrained base clocks found in the design. Calling "derive_clocks -period 1.0"
Info (332105): Deriving Clocks
    Info (332105): create_clock -period 1.000 -name clk clk
Info (332143): No user constrained clock uncertainty found in the design. Calling "derive_clock_uncertainty"
Info (332123): Deriving Clock Uncertainty. Please refer to report_sdc in TimeQuest to see clock uncertainties.
Info: Found TIMEQUEST_REPORT_SCRIPT_INCLUDE_DEFAULT_ANALYSIS = ON
Info: Analyzing Slow 1100mV 85C Model
Critical Warning (332148): Timing requirements not met
    Info (11105): For recommendations on closing timing, run Report Timing Closure Recommendations in the TimeQuest Timing Analyzer.
Info (332146): Worst-case setup slack is -2.807
    Info (332119):     Slack       End Point TNS Clock 
    Info (332119): ========= =================== =====================
    Info (332119):    -2.807             -52.181 clk 
Info (332146): Worst-case hold slack is 0.370
    Info (332119):     Slack       End Point TNS Clock 
    Info (332119): ========= =================== =====================
    Info (332119):     0.370               0.000 clk 
Info (332140): No Recovery paths to report
Info (332140): No Removal paths to report
Info (332146): Worst-case minimum pulse width slack is -2.225
    Info (332119):     Slack       End Point TNS Clock 
    Info (332119): ========= =================== =====================
    Info (332119):    -2.225             -64.154 clk 
Info: Analyzing Slow 1100mV 0C Model
Info (334003): Started post-fitting delay annotation
Info (334004): Delay annotation completed successfully
Info (332123): Deriving Clock Uncertainty. Please refer to report_sdc in TimeQuest to see clock uncertainties.
Critical Warning (332148): Timing requirements not met
    Info (11105): For recommendations on closing timing, run Report Timing Closure Recommendations in the TimeQuest Timing Analyzer.
Info (332146): Worst-case setup slack is -2.862
    Info (332119):     Slack       End Point TNS Clock 
    Info (332119): ========= =================== =====================
    Info (332119):    -2.862             -52.784 clk 
Info (332146): Worst-case hold slack is 0.371
    Info (332119):     Slack       End Point TNS Clock 
    Info (332119): ========= =================== =====================
    Info (332119):     0.371               0.000 clk 
Info (332140): No Recovery paths to report
Info (332140): No Removal paths to report
Info (332146): Worst-case minimum pulse width slack is -2.225
    Info (332119):     Slack       End Point TNS Clock 
    Info (332119): ========= =================== =====================
    Info (332119):    -2.225             -63.563 clk 
Info: Analyzing Fast 1100mV 85C Model
Info (334003): Started post-fitting delay annotation
Info (334004): Delay annotation completed successfully
Info (332123): Deriving Clock Uncertainty. Please refer to report_sdc in TimeQuest to see clock uncertainties.
Critical Warning (332148): Timing requirements not met
    Info (11105): For recommendations on closing timing, run Report Timing Closure Recommendations in the TimeQuest Timing Analyzer.
Info (332146): Worst-case setup slack is -1.107
    Info (332119):     Slack       End Point TNS Clock 
    Info (332119): ========= =================== =====================
    Info (332119):    -1.107             -22.873 clk 
Info (332146): Worst-case hold slack is 0.189
    Info (332119):     Slack       End Point TNS Clock 
    Info (332119): ========= =================== =====================
    Info (332119):     0.189               0.000 clk 
Info (332140): No Recovery paths to report
Info (332140): No Removal paths to report
Info (332146): Worst-case minimum pulse width slack is -1.702
    Info (332119):     Slack       End Point TNS Clock 
    Info (332119): ========= =================== =====================
    Info (332119):    -1.702             -47.434 clk 
Info: Analyzing Fast 1100mV 0C Model
Info (332123): Deriving Clock Uncertainty. Please refer to report_sdc in TimeQuest to see clock uncertainties.
Critical Warning (332148): Timing requirements not met
    Info (11105): For recommendations on closing timing, run Report Timing Closure Recommendations in the TimeQuest Timing Analyzer.
Info (332146): Worst-case setup slack is -1.068
    Info (332119):     Slack       End Point TNS Clock 
    Info (332119): ========= =================== =====================
    Info (332119):    -1.068             -21.519 clk 
Info (332146): Worst-case hold slack is 0.180
    Info (332119):     Slack       End Point TNS Clock 
    Info (332119): ========= =================== =====================
    Info (332119):     0.180               0.000 clk 
Info (332140): No Recovery paths to report
Info (332140): No Removal paths to report
Info (332146): Worst-case minimum pulse width slack is -1.702
    Info (332119):     Slack       End Point TNS Clock 
    Info (332119): ========= =================== =====================
    Info (332119):    -1.702             -47.785 clk 
Info (332102): Design is not fully constrained for setup requirements
Info (332102): Design is not fully constrained for hold requirements
Info: Quartus Prime TimeQuest Timing Analyzer was successful. 0 errors, 6 warnings
    Info: Peak virtual memory: 5147 megabytes
    Info: Processing ended: Fri May 24 15:30:13 2019
    Info: Elapsed time: 00:00:10
    Info: Total CPU time (on all processors): 00:00:09


